locked at start: true | Not now present: 0
bad version → {"error":"bad_version","current":"2026-09-18"} | duplicate ack keeps first: {"ok":true,"rulesAck":{"version":"2026-09-18","at":"2026-09-27T02:54:11.450Z"}}
recap: 29h 10mhours worked100%on time3 min lateclock-in | You worked 29h 10m — more than the week before (17h 42m).On time for every shift last week.
locked after login: false
my week tiles: 28h 35mscheduled29h 10mworked+35 mindifference
rows: 5
stats hero: AAstreaNo clocked shifts yet | tiles: 0h 00mhours—on time0in a row
stats month ok
stats→week ok
anonymous mystats by name → 401 (expect 401)
strip:  AHi AstreaNo upcoming shifts on the schedule. My weekMy statsBreakClock in 
mine shifts highlighted: 5
confirm popup: Tap Confirm shift to let the manager know you have seen the  | input present: 0
own shift confirmed ✓
other's shift → This is Joe's shift — only Joe can confirm it. | popup: 0
forged confirm of other's shift → 403 (expect 403)
who popup after reload: 0 (expect 0)
re-login ok (My week does not open by itself)
logout ok; token: null
manager: locked? false | who popup: 0
roster: 1 of 9 online nowFloor6JJoeNot seen yet · Hasn't signed in yet›SSierrahNot seen yet · Hasn't signed in yet›AAstreaOnline now · PIN ✓ · Rules ✓ · Docs 4/5›PPietroNot seen yet · Hasn't signed in yet›CCatherineNot seen yet · Hasn't signed in yet›LLucaNot seen yet · Hasn't signed in yet›Kitchen1MMariiaNot seen yet · Hasn't signed in yet›Management2MMartaNot seen yet · Hasn't signed in yet›JBJoe B.Not 
person sheet: Birthdaynot setToastAstrea Test4astrea@example.comDepartmentFrom Toast: ServerFloorKitchenChefManagementOwnerChef, Management and Owner get the manager tools after their own PIN: Chef for the kitchen only, Management for everything, Owner for everything plus View as and these promotions.AccessPIN se
reset enabled for Astrea : true
after reset: Birthdaynot setToastAstrea Test4astrea@example.comDepartmentFrom Toast: ServerFloorKitchenChefManagementOwnerChef, Manag
manager ranking button visible: true
manager view title: Joe's week | 31h 35mscheduled30h 30mworked−1h 05mdifference
prev week: Sep 7–13 ’26 
ERRORS: [
  'console: Failed to load resource: net::ERR_CERT_AUTHORITY_INVALID',
  'console: Failed to load resource: the server responded with a status of 400 (Bad Request)',
  'console: Failed to load resource: the server responded with a status of 401 (Unauthorized)',
  'console: Failed to load resource: the server responded with a status of 403 (Forbidden)',
  'console: Failed to load resource: the server responded with a status of 503 ()',
  'console: Failed to load resource: the server responded with a status of 401 (Unauthorized)'
]
